[RECIPE-GEN] Start generate flow
[RECIPE-GEN] Validation failed on first attempt. Retrying once.
[RECIPE-GEN] Failed after retry. errors=edge[0].source references unknown node: missing; edge[0].target references unknown node: missing
[RECIPE-GEN] Start generate flow
[RECIPE-GEN] Validation failed on first attempt. Retrying once.
Mockito is currently self-attaching to enable the inline-mock-maker. This will no longer work in future releases of the JDK. Please add Mockito as an agent to your build as described in Mockito's documentation: https://javadoc.io/doc/org.mockito/mockito-core/latest/org.mockito/org/mockito/Mockito.html#0.3
WARNING: A Java agent has been loaded dynamically (C:\Users\elatchireddi\.m2\repository\net\bytebuddy\byte-buddy-agent\1.17.8\byte-buddy-agent-1.17.8.jar)
WARNING: If a serviceability tool is in use, please run with -XX:+EnableDynamicAgentLoading to hide this warning
WARNING: If a serviceability tool is not in use, please run with -Djdk.instrument.traceUsage for more information
WARNING: Dynamic loading of agents will be disallowed by default in a future release
OpenJDK 64-Bit Server VM warning: Sharing is only supported for boot loader classes because bootstrap classpath has been appended
18:11:40.526 [main] INFO org.springframework.test.context.support.AnnotationConfigContextLoaderUtils -- Could not detect default configuration classes for test class [com.processVisualisation.virtualKitchen.VirtualKitchenApplicationTests]: VirtualKitchenApplicationTests does not declare any static, non-private, non-final, nested classes annotated with @Configuration.
18:11:40.849 [main] INFO org.springframework.boot.test.context.SpringBootTestContextBootstrapper -- Found @SpringBootConfiguration com.processVisualisation.virtualKitchen.VirtualKitchenApplication for test class com.processVisualisation.virtualKitchen.VirtualKitchenApplicationTests
18:11:41.133 [main] INFO org.springframework.test.context.support.AnnotationConfigContextLoaderUtils -- Could not detect default configuration classes for test class [com.processVisualisation.virtualKitchen.VirtualKitchenApplicationTests]: VirtualKitchenApplicationTests does not declare any static, non-private, non-final, nested classes annotated with @Configuration.
18:11:41.137 [main] INFO org.springframework.boot.test.context.SpringBootTestContextBootstrapper -- Found @SpringBootConfiguration com.processVisualisation.virtualKitchen.VirtualKitchenApplication for test class com.processVisualisation.virtualKitchen.VirtualKitchenApplicationTests

  .   ____          _            __ _ _
 /\\ / ___'_ __ _ _(_)_ __  __ _ \ \ \ \
( ( )\___ | '_ | '_| | '_ \/ _` | \ \ \ \
 \\/  ___)| |_)| | | | | || (_| |  ) ) ) )
  '  |____| .__|_| |_|_| |_\__, | / / / /
 =========|_|==============|___/=/_/_/_/

 :: Spring Boot ::                (v4.0.6)

2026-07-31T18:11:42.005+05:30  INFO 56988 --- [OriginSeed] [           main] c.p.v.VirtualKitchenApplicationTests     : Starting VirtualKitchenApplicationTests using Java 21.0.12 with PID 56988 (started by elatchireddi in C:\Users\elatchireddi\Desktop\Kitchen\backend)
2026-07-31T18:11:42.009+05:30  INFO 56988 --- [OriginSeed] [           main] c.p.v.VirtualKitchenApplicationTests     : No active profile set, falling back to 1 default profile: "default"
2026-07-31T18:11:44.435+05:30  INFO 56988 --- [OriginSeed] [           main] .s.d.r.c.RepositoryConfigurationDelegate : Bootstrapping Spring Data MongoDB repositories in DEFAULT mode.
2026-07-31T18:11:44.605+05:30  INFO 56988 --- [OriginSeed] [           main] .s.d.r.c.RepositoryConfigurationDelegate : Finished Spring Data repository scanning in 163 ms. Found 16 MongoDB repository interfaces.
========================================
Connecting to MongoDB with URI:
mongodb+srv://originSeed:originSeed123@originseed.fx177fa.mongodb.net/OriginSeed
========================================
2026-07-31T18:11:45.779+05:30  INFO 56988 --- [OriginSeed] [           main] org.mongodb.driver.client                : MongoClient with metadata {"driver": {"name": "mongo-java-driver|sync", "version": "5.6.5"}, "os": {"type": "Windows", "name": "Windows 11", "architecture": "amd64", "version": "10.0"}, "platform": "Java/Azul Systems, Inc./21.0.12+8-LTS"} created with settings MongoClientSettings{readPreference=primary, writeConcern=WriteConcern{w=null, wTimeout=null ms, journal=null}, retryWrites=true, retryReads=true, readConcern=ReadConcern{level=null}, credential=MongoCredential{mechanism=null, userName='originSeed', source='admin', password=<hidden>, mechanismProperties=<hidden>}, transportSettings=null, commandListeners=[], codecRegistry=ProvidersCodecRegistry{codecProviders=[ValueCodecProvider{}, BsonValueCodecProvider{}, DBRefCodecProvider{}, DBObjectCodecProvider{}, DocumentCodecProvider{}, CollectionCodecProvider{}, IterableCodecProvider{}, MapCodecProvider{}, GeoJsonCodecProvider{}, GridFSFileCodecProvider{}, Jsr310CodecProvider{}, JsonObjectCodecProvider{}, BsonCodecProvider{}, com.mongodb.client.model.mql.ExpressionCodecProvider@38d308e7, com.mongodb.Jep395RecordCodecProvider@6b6f73d, com.mongodb.KotlinCodecProvider@4c6fabba, EnumCodecProvider{}]}, loggerSettings=LoggerSettings{maxDocumentLength=1000}, clusterSettings={hosts=[127.0.0.1:27017], srvHost=originseed.fx177fa.mongodb.net, srvServiceName=mongodb, mode=MULTIPLE, requiredClusterType=REPLICA_SET, requiredReplicaSetName='atlas-lfk2yd-shard-0', serverSelector='null', clusterListeners='[]', serverSelectionTimeout='30000 ms', localThreshold='15 ms'}, socketSettings=SocketSettings{connectTimeoutMS=10000, readTimeoutMS=0, receiveBufferSize=0, proxySettings=ProxySettings{host=null, port=null, username=null, password=null}}, heartbeatSocketSettings=SocketSettings{connectTimeoutMS=10000, readTimeoutMS=10000, receiveBufferSize=0, proxySettings=ProxySettings{host=null, port=null, username=null, password=null}}, connectionPoolSettings=ConnectionPoolSettings{maxSize=100, minSize=0, maxWaitTimeMS=120000, maxConnectionLifeTimeMS=0, maxConnectionIdleTimeMS=0, maintenanceInitialDelayMS=0, maintenanceFrequencyMS=60000, connectionPoolListeners=[], maxConnecting=2}, serverSettings=ServerSettings{heartbeatFrequencyMS=10000, minHeartbeatFrequencyMS=500, serverMonitoringMode=AUTO, serverListeners='[]', serverMonitorListeners='[]'}, sslSettings=SslSettings{enabled=true, invalidHostNameAllowed=false, context=null}, applicationName='null', compressorList=[], uuidRepresentation=UNSPECIFIED, serverApi=null, autoEncryptionSettings=null, dnsClient=null, inetAddressResolver=null, contextProvider=null, timeoutMS=null}
2026-07-31T18:11:46.131+05:30  INFO 56988 --- [OriginSeed] [7fa.mongodb.net] org.mongodb.driver.cluster               : Adding discovered server ac-yuby1qi-shard-00-02.fx177fa.mongodb.net:27017 to client view of cluster
2026-07-31T18:11:46.181+05:30  INFO 56988 --- [OriginSeed] [7fa.mongodb.net] org.mongodb.driver.cluster               : Adding discovered server ac-yuby1qi-shard-00-01.fx177fa.mongodb.net:27017 to client view of cluster
2026-07-31T18:11:46.182+05:30  INFO 56988 --- [OriginSeed] [7fa.mongodb.net] org.mongodb.driver.cluster               : Adding discovered server ac-yuby1qi-shard-00-00.fx177fa.mongodb.net:27017 to client view of cluster
2026-07-31T18:11:47.062+05:30  INFO 56988 --- [OriginSeed] [           main] org.mongodb.driver.cluster               : Waiting for server to become available for operation createIndexes with ID 5. Remaining time: 29976 ms. Selector: WritableServerSelector, topology description: {type=REPLICA_SET, servers=[{address=ac-yuby1qi-shard-00-01.fx177fa.mongodb.net:27017, type=UNKNOWN, state=CONNECTING}, {address=ac-yuby1qi-shard-00-00.fx177fa.mongodb.net:27017, type=UNKNOWN, state=CONNECTING}, {address=ac-yuby1qi-shard-00-02.fx177fa.mongodb.net:27017, type=UNKNOWN, state=CONNECTING}].
2026-07-31T18:11:47.276+05:30  INFO 56988 --- [OriginSeed] [ngodb.net:27017] org.mongodb.driver.cluster               : Monitor thread successfully connected to server with description ServerDescription{address=ac-yuby1qi-shard-00-00.fx177fa.mongodb.net:27017, type=REPLICA_SET_SECONDARY, cryptd=false, state=CONNECTED, ok=true, minWireVersion=0, maxWireVersion=25, maxDocumentSize=16777216, logicalSessionTimeoutMinutes=30, roundTripTimeNanos=641807100, minRoundTripTimeNanos=0, setName='atlas-lfk2yd-shard-0', canonicalAddress=ac-yuby1qi-shard-00-00.fx177fa.mongodb.net:27017, hosts=[ac-yuby1qi-shard-00-00.fx177fa.mongodb.net:27017, ac-yuby1qi-shard-00-01.fx177fa.mongodb.net:27017, ac-yuby1qi-shard-00-02.fx177fa.mongodb.net:27017], passives=[], arbiters=[], primary='ac-yuby1qi-shard-00-01.fx177fa.mongodb.net:27017', tagSet=TagSet{[Tag{name='availabilityZone', value='aps1-az1'}, Tag{name='cacheState', value='READY'}, Tag{name='diskState', value='READY'}, Tag{name='nodeType', value='ELECTABLE'}, Tag{name='provider', value='AWS'}, Tag{name='region', value='AP_SOUTH_1'}, Tag{name='workloadType', value='OPERATIONAL'}]}, electionId=null, setVersion=313, topologyVersion=TopologyVersion{processId=6a6b7572772f8e13156e5831, counter=4}, lastWriteDate=Fri Jul 31 18:11:47 IST 2026, lastUpdateTimeNanos=844120475044800}
2026-07-31T18:11:47.277+05:30  INFO 56988 --- [OriginSeed] [ngodb.net:27017] org.mongodb.driver.cluster               : Monitor thread successfully connected to server with description ServerDescription{address=ac-yuby1qi-shard-00-02.fx177fa.mongodb.net:27017, type=REPLICA_SET_SECONDARY, cryptd=false, state=CONNECTED, ok=true, minWireVersion=0, maxWireVersion=25, maxDocumentSize=16777216, logicalSessionTimeoutMinutes=30, roundTripTimeNanos=641790100, minRoundTripTimeNanos=0, setName='atlas-lfk2yd-shard-0', canonicalAddress=ac-yuby1qi-shard-00-02.fx177fa.mongodb.net:27017, hosts=[ac-yuby1qi-shard-00-00.fx177fa.mongodb.net:27017, ac-yuby1qi-shard-00-01.fx177fa.mongodb.net:27017, ac-yuby1qi-shard-00-02.fx177fa.mongodb.net:27017], passives=[], arbiters=[], primary='ac-yuby1qi-shard-00-01.fx177fa.mongodb.net:27017', tagSet=TagSet{[Tag{name='availabilityZone', value='aps1-az2'}, Tag{name='cacheState', value='READY'}, Tag{name='diskState', value='READY'}, Tag{name='nodeType', value='ELECTABLE'}, Tag{name='provider', value='AWS'}, Tag{name='region', value='AP_SOUTH_1'}, Tag{name='workloadType', value='OPERATIONAL'}]}, electionId=null, setVersion=313, topologyVersion=TopologyVersion{processId=6a6b762b0f79290437768b41, counter=3}, lastWriteDate=Fri Jul 31 18:11:47 GMT+05:30 2026, lastUpdateTimeNanos=844120475043000}
2026-07-31T18:11:47.277+05:30  INFO 56988 --- [OriginSeed] [ngodb.net:27017] org.mongodb.driver.cluster               : Monitor thread successfully connected to server with description ServerDescription{address=ac-yuby1qi-shard-00-01.fx177fa.mongodb.net:27017, type=REPLICA_SET_PRIMARY, cryptd=false, state=CONNECTED, ok=true, minWireVersion=0, maxWireVersion=25, maxDocumentSize=16777216, logicalSessionTimeoutMinutes=30, roundTripTimeNanos=641816900, minRoundTripTimeNanos=0, setName='atlas-lfk2yd-shard-0', canonicalAddress=ac-yuby1qi-shard-00-01.fx177fa.mongodb.net:27017, hosts=[ac-yuby1qi-shard-00-00.fx177fa.mongodb.net:27017, ac-yuby1qi-shard-00-01.fx177fa.mongodb.net:27017, ac-yuby1qi-shard-00-02.fx177fa.mongodb.net:27017], passives=[], arbiters=[], primary='ac-yuby1qi-shard-00-01.fx177fa.mongodb.net:27017', tagSet=TagSet{[Tag{name='availabilityZone', value='aps1-az3'}, Tag{name='cacheState', value='READY'}, Tag{name='diskState', value='READY'}, Tag{name='nodeType', value='ELECTABLE'}, Tag{name='provider', value='AWS'}, Tag{name='region', value='AP_SOUTH_1'}, Tag{name='workloadType', value='OPERATIONAL'}]}, electionId=7fffffff00000000000001bd, setVersion=313, topologyVersion=TopologyVersion{processId=6a6b75cf2a995364d937574f, counter=6}, lastWriteDate=Fri Jul 31 18:11:47 GMT+05:30 2026, lastUpdateTimeNanos=844120475044900}
2026-07-31T18:11:47.283+05:30  INFO 56988 --- [OriginSeed] [ngodb.net:27017] org.mongodb.driver.cluster               : Discovered replica set primary ac-yuby1qi-shard-00-01.fx177fa.mongodb.net:27017 with max election id 7fffffff00000000000001bd and max set version 313
2026-07-31T18:11:49.304+05:30  INFO 56988 --- [OriginSeed] [           main] r$InitializeUserDetailsManagerConfigurer : Global AuthenticationManager configured with UserDetailsService bean with name inMemoryUserDetailsManager
2026-07-31T18:11:51.100+05:30  INFO 56988 --- [OriginSeed] [           main] o.s.b.a.e.web.EndpointLinksResolver      : Exposing 1 endpoint beneath base path '/actuator'
2026-07-31T18:11:51.237+05:30  INFO 56988 --- [OriginSeed] [           main] c.p.v.VirtualKitchenApplicationTests     : Started VirtualKitchenApplicationTests in 9.946 seconds (process running for 16.386)
2026-07-31T18:11:52.167+05:30  INFO 56988 --- [OriginSeed] [           main] c.p.virtualKitchen.DummyDataLoader       : Dummy data loader completed for user demo.user@example.com with kitchen Demo Kitchen
Database = test
Collections = [inventory, testCollection, visualization_clip, step_execution, equipment, kitchen_inventory, users, process_template, process_template_step, ingredients, process_equipment_usage, process_execution, database_sequences, flows, process_ingredient_usage, kitchen]
Document inserted
2026-07-31T18:11:52.220+05:30  WARN 56988 --- [OriginSeed] [           main] o.s.core.events.SpringDocAppInitializer  : SpringDoc /v3/api-docs endpoint is enabled by default. To disable it in production, set the property 'springdoc.api-docs.enabled=false'
2026-07-31T18:11:52.221+05:30  WARN 56988 --- [OriginSeed] [           main] o.s.core.events.SpringDocAppInitializer  : SpringDoc /ui endpoint is enabled by default. To disable it in production, set the property 'springdoc.swagger-ui.enabled=false'
